// Vitest Snapshot v1, https://vitest.dev/guide/snapshot.html

exports[`Sign up page > renders correctly 1`] = `
<div>
  <div
    class="_page_64a4eb"
  >
    <h1
      class="_title_64a4eb"
    />
    <form
      class="_form_64a4eb"
      name="react-hook-form"
      novalidate=""
    >
      <div
        class="_field_ba64c0"
      >
        <label
          class="_label_ba64c0"
          for=":r0:"
        >
          Name
        </label>
        <input
          aria-invalid="false"
          autocomplete="off"
          class="_input_ba64c0"
          id=":r0:"
          name="name"
        />
        <p
          class="_errorMessage_ba64c0"
        />
      </div>
      <div
        class="_field_ba64c0"
      >
        <label
          class="_label_ba64c0"
          for=":r1:"
        >
          Email
        </label>
        <input
          aria-invalid="false"
          autocomplete="email"
          class="_input_ba64c0"
          id=":r1:"
          name="email"
          type="text"
        />
        <p
          class="_errorMessage_ba64c0"
        />
      </div>
      <fieldset
        class="_fieldset_64a4eb"
      >
        <legend
          class="_legend_64a4eb"
        />
        <div
          class="_field_727496"
        >
          <label
            class="_label_727496"
            for=":r2:"
          >
            Enter password
          </label>
          <input
            aria-invalid="false"
            autocomplete="new-password"
            class="_input_727496"
            id=":r2:"
            name="password"
            type="password"
          />
          <div
            class="_progressBar_727496"
          >
            <div
              class="_progressSegment_727496"
            />
            <div
              class="_progressSegment_727496"
            />
            <div
              class="_progressSegment_727496"
            />
            <div
              class="_progressSegment_727496"
            />
            <div
              class="_progressSegment_727496"
            />
          </div>
          <p
            class="_errorMessage_727496"
          />
        </div>
        <div
          class="_field_ba64c0"
        >
          <label
            class="_label_ba64c0"
            for=":r3:"
          >
            Confirm password
          </label>
          <input
            aria-invalid="false"
            autocomplete="new-password"
            class="_input_ba64c0"
            id=":r3:"
            name="passwordConfirm"
            type="password"
          />
          <p
            class="_errorMessage_ba64c0"
          />
        </div>
      </fieldset>
      <button
        class="_button_1c0f93 _button--primary_1c0f93 _submitButton_64a4eb"
        disabled=""
        type="submit"
      >
        Sign up
      </button>
    </form>
  </div>
  ;
</div>
`;
